[ec2-user@ip-0-0-0-0]$ echo "New development project-1">README.md

[ec2-user@ip-0-0-0-0]$ git status
On branch master

No commits yet

Untracked files:
  (use "git add <file>..." to include in what will be committed)

        README.md

nothing added to commit but untracked files present (use "git add" to track)
---------------------------------------------------------------------------------------------------
[ec2-user@ip-0-0-0-0]$ git add *
[ec2-user@ip-0-0-0-0]$ git status
On branch master

No commits yet

Changes to be committed:
  (use "git rm --cached <file>..." to unstage)

        new file:   README.md
--------------------------------------------------------------------------------
[ec2-user@ip-0-0-0-0]$ git commit -m "Add readme file"
[master (root-commit) c8a26e6] Add readme file
 Committer: EC2 Default User <ec2-user@ip-172-31-49-232.ec2.internal>
Your name and email address were configured automatically based
on your username and hostname. Please check that they are accurate.
You can suppress this message by setting them explicitly:

    git config --global user.name "Your Name"
    git config --global user.email you@example.com

After doing this, you may fix the identity used for this commit with:

    git commit --amend --reset-author

 1 file changed, 1 insertion(+)
 create mode 100644 README.md
------------------------------------------------------------------------------------
[ec2-user@ip-0-0-0-0]$ git pull origin master
remote: Enumerating objects: 4, done.
remote: Counting objects: 100% (4/4), done.
remote: Compressing objects: 100% (2/2), done.
remote: Total 3 (delta 0), reused 0 (delta 0), pack-reused 0
Unpacking objects: 100% (3/3), done.
From https://github.com/Nokku-Organization/machine-learning
 * branch            master     -> FETCH_HEAD
   e0f7a9d..efac828  master     -> origin/master
Updating e0f7a9d..efac828
Fast-forward
 README.md | 1 +
 1 file changed, 1 insertion(+)
 create mode 100644 README.md
 
 ---------------------------------------------------------------------------------
 
 [ec2-user@ip-0-0-0-0]$ git push origin master
Counting objects: 3, done.
Compressing objects: 100% (2/2), done.
Writing objects: 100% (3/3), 300 bytes | 300.00 KiB/s, done.
Total 3 (delta 1), reused 0 (delta 0)
remote: Resolving deltas: 100% (1/1), completed with 1 local object.
To https://github.com/Nokku-Organization/machine-learning.git
   efac828..53023a5  master -> master
 
